1
2
3
4.000000
4.500000
5.000000
6 str
7 str
8 str
array of unit OK
hi
