This revolutionary new language construct
is great for keeping programmers on their toes
