-42.0 < 42.0
1000 > 0
1 <= 1
1 <= 2
-9 > -9
2.8 >= -9e+3
