42 == 42
-42 != 42
world will not end today
all ok
strings gonna string
string neq OK
