concat arrays ok
concat arrays to self ok
concat empty ok
