Or :)
And :)
Not :)
Double Not :)
Not in expressions :)
Precedence :)
Precedence override :)
